// Jest Snapshot v1, https://goo.gl/fbAQLP

exports[`App should render the App Component correctly 1`] = `
<div
  data-test="Parking-Header"
>
  <h1
    className="header"
  >
    Car Parking
  </h1>
  <BrowserRouter>
    <div>
      <Switch>
        <Route
          component={[Function]}
          exact={true}
          path="/"
        />
        <Route
          component={[Function]}
          path="/Login"
        />
        <Route
          component={[Function]}
          path="/Registeration"
        />
        <Route
          component={[Function]}
          path="/Parking"
        />
      </Switch>
    </div>
  </BrowserRouter>
</div>
`;
